gcc -g p1original.c 
îº§ gdb a.out
GNU gdb (Ubuntu 8.1.1-0ubuntu1) 8.1.1
Copyright (C) 2018 Free Software Foundation, Inc.
License GPLv3+: GNU GPL version 3 or later <http://gnu.org/licenses/gpl.html>
This is free software: you are free to change and redistribute it.
There is NO WARRANTY, to the extent permitted by law.  Type "show copying"
and "show warranty" for details.
This GDB was configured as "x86_64-linux-gnu".
Type "show configuration" for configuration details.
For bug reporting instructions, please see:
<http://www.gnu.org/software/gdb/bugs/>.
Find the GDB manual and other documentation resources online at:
<http://www.gnu.org/software/gdb/documentation/>.
For help, type "help".
Type "apropos word" to search for commands related to "word"...
Reading symbols from a.out...done.
(gdb) b main
Breakpoint 1 at 0x83a: file p1original.c, line 23.
(gdb) r
Starting program: /home/runner/ppa-IA2-practice2/a.out 
warning: Error disabling address space randomization: Operation not permitted

Breakpoint 1, main () at p1original.c:23
23  {
(gdb) n
25    input(&x,&y);
(gdb) s
input (base=0x7ffc16f1550c, height=0x7ffc16f15510) at p1original.c:9
9     printf("enter the height of triangle=\n");
(gdb) n
enter the height of triangle=
10    scanf("%f",height);
(gdb) n
4
11    printf("enter the base of triangle=\n");
(gdb) n
enter the base of triangle=
12    scanf("%f",base);
(gdb) n
2
13  }
(gdb) n
main () at p1original.c:26
26    find_area(x,y,&z);
(gdb) s
find_area (base=2, height=4, area=0x7ffc16f15514) at p1original.c:16
16    *area=(base*height)/2;
(gdb) n
17  }
(gdb) n
main () at p1original.c:27
27    output(x,y,z);
(gdb) s
output (base=2, height=4, area=4) at p1original.c:20
20    printf("area of triangle with base %f and height %f is %f",base,height,area);
(gdb) p base
$1 = 2
(gdb) p height
$2 = 4
(gdb) p area
$3 = 4
(gdb) n
21  }
(gdb) n
main () at p1original.c:28
28    return 0;
(gdb) n
29  }(gdb) c
Continuing.
area of triangle with base 2.000000 and height 4.000000 is 4.000000[Inferior 1 (process 648) exited normally]
(gdb) 
